// Jest Snapshot v1, https://goo.gl/fbAQLP

exports[`renders element correctly 1`] = `
<DocumentFragment>
  <div
    class="listitem"
  />
</DocumentFragment>
`;
